// Jest Snapshot v1, https://goo.gl/fbAQLP

exports[`Expect to render Padding component 1`] = `ShallowWrapper {}`;
