// Jest Snapshot v1, https://goo.gl/fbAQLP

exports[`Expect to render ButtonIcon component 1`] = `ShallowWrapper {}`;
