// Jest Snapshot v1, https://goo.gl/fbAQLP

exports[`Expect to render Book Overview component 1`] = `ShallowWrapper {}`;
