// Jest Snapshot v1, https://goo.gl/fbAQLP

exports[`Expect to render ButtonMainNumber component 1`] = `ShallowWrapper {}`;
