// Jest Snapshot v1, https://goo.gl/fbAQLP

exports[`Expect to render Selector component 1`] = `ShallowWrapper {}`;
