// Jest Snapshot v1, https://goo.gl/fbAQLP

exports[`Expect to render Menu page 1`] = `ShallowWrapper {}`;
