// Jest Snapshot v1, https://goo.gl/fbAQLP

exports[`Expect to render ExploreOverview page 1`] = `ShallowWrapper {}`;
