// Jest Snapshot v1, https://goo.gl/fbAQLP

exports[`Expect to render Detail page 1`] = `ShallowWrapper {}`;
