// Jest Snapshot v1, https://goo.gl/fbAQLP

exports[`Expect to render Loading component 1`] = `ShallowWrapper {}`;
