// Jest Snapshot v1, https://goo.gl/fbAQLP

exports[`Expect to render Bookshelf page 1`] = `ShallowWrapper {}`;
