// Jest Snapshot v1, https://goo.gl/fbAQLP

exports[`Expect to render Explore page 1`] = `ShallowWrapper {}`;
