// Jest Snapshot v1, https://goo.gl/fbAQLP

exports[`Expect to render ButtonSec component 1`] = `ShallowWrapper {}`;
