// Jest Snapshot v1, https://goo.gl/fbAQLP

exports[`Expect to render ButtonMain component 1`] = `ShallowWrapper {}`;
